// Jest Snapshot v1, https://goo.gl/fbAQLP

exports[`AnniversaryToasterComponent renders the component 1`] = `undefined`;
