// Jest Snapshot v1, https://goo.gl/fbAQLP

exports[`NavigationComponent renders the component 1`] = `undefined`;
